// Jest Snapshot v1, https://goo.gl/fbAQLP

exports[`Navigation should match snapshot 1`] = `
<Fragment>
  <div>
    test text
  </div>
</Fragment>
`;
